python : Traceback 
(most recent call 
last):
At line:1 char:1
+ python 
test_import.py 2>&1 
| Out-File -FilePath 
error_log.txt 
-Encodi ...
+ ~~~~~~~~~~~~~~~~~~~
~~~~~~~
    + CategoryInfo   
           : NotSpe  
  cified: (Traceba   
 ck (most recent     
call last)::Stri    
ng) [], RemoteEx    
ception
    + FullyQualified 
   ErrorId : Native  
  CommandError
 
  File "C:\Users\Huda
Goian\Documents\me\AI
_Duty_Rota_Scheduling
\backend\test_import.
py", line 6, in 
<module>
    from 
src.copilot_endpoint 
import copilot_app
  File "C:\Users\Huda
Goian\Documents\me\AI
_Duty_Rota_Scheduling
\backend\src\copilot_
endpoint.py", line 
38, in <module>
    sdk = CopilotKitR
emoteEndpoint(
          ^^^^^^^^^^^
^^^^^^^^^^^^^^
  File "C:\Users\Huda
Goian\AppData\Local\P
rograms\Python\Python
312\Lib\site-packages
\copilotkit\sdk.py", 
line 233, in __init__
    raise ValueError(
ValueError: 
LangGraphAgent 
should be 
instantiated using 
LangGraphAGUIAgent. 
Refer to https://docs
.copilotkit.ai/langgr
aph for more 
information.
==================================================
IMPORT ERROR:
==================================================
==================================================
